2026-06-07 19:36:02,813 | INFO | Mode: pipeline — fetching and storing weather data
2026-06-07 19:36:02,813 | INFO | ==================================================
2026-06-07 19:36:02,813 | INFO | Pipeline run started
2026-06-07 19:36:02,813 | INFO | ==================================================
2026-06-07 19:36:03,017 | INFO | Processing 1 user(s)
2026-06-07 19:36:03,017 | INFO | Fetching weather data for Kamil (ETH Zurich HG) at lat=47.3763, lon=8.548
2026-06-07 19:36:03,143 | INFO | Fetched 24 records for Kamil
2026-06-07 19:36:03,206 | INFO | Incremental fetch: 24 new records after 2026-06-03 21:46:10.860896+00:00 for Kamil
2026-06-07 19:36:03,206 | INFO | Validation passed: 24/24 records valid
2026-06-07 19:36:04,218 | INFO | Fetching weather data for Kamil (ETH Zurich HG) at lat=47.3763, lon=8.548
2026-06-07 19:36:04,301 | INFO | Fetched 24 records for Kamil
2026-06-07 19:36:04,310 | INFO | Incremental fetch: 24 new records after 2026-06-03 21:46:10.860896+00:00 for Kamil
2026-06-07 19:36:04,310 | INFO | Validation passed: 24/24 records valid
2026-06-07 19:36:06,316 | INFO | Fetching weather data for Kamil (ETH Zurich HG) at lat=47.3763, lon=8.548
2026-06-07 19:36:06,403 | INFO | Fetched 24 records for Kamil
2026-06-07 19:36:06,445 | INFO | Incremental fetch: 24 new records after 2026-06-03 21:46:10.860896+00:00 for Kamil
2026-06-07 19:36:06,446 | INFO | Validation passed: 24/24 records valid
2026-06-07 19:36:06,446 | ERROR | Pipeline failed for user Kamil (id=1): RetryError[<Future at 0x1038f51d0 state=finished raised AttributeError>]
2026-06-07 19:36:06,446 | INFO | Pipeline run completed — 0 succeeded, 1 failed
2026-06-07 19:38:39,963 | INFO | Mode: pipeline — fetching and storing weather data
2026-06-07 19:38:39,963 | INFO | ==================================================
2026-06-07 19:38:39,963 | INFO | Pipeline run started
2026-06-07 19:38:39,963 | INFO | ==================================================
2026-06-07 19:38:40,003 | INFO | Processing 1 user(s)
2026-06-07 19:38:40,003 | INFO | Fetching weather data for Kamil (ETH Zurich HG) at lat=47.3763, lon=8.548
2026-06-07 19:38:40,090 | INFO | Fetched 24 records for Kamil
2026-06-07 19:38:40,101 | INFO | Incremental fetch: 24 new records after 2026-06-03 21:46:10.860896+00:00 for Kamil
2026-06-07 19:38:40,101 | INFO | Validation passed: 24/24 records valid
2026-06-07 19:38:40,405 | INFO | Written 24 records to InfluxDB
2026-06-07 19:38:40,428 | INFO | sync_state updated for user 1: 2026-06-06 23:00:00+00:00
2026-06-07 19:38:40,428 | INFO | Pipeline completed successfully for Kamil
2026-06-07 19:38:40,428 | INFO | Pipeline run completed — 1 succeeded, 0 failed
2026-06-08 12:24:34,734 | INFO | Mode: aggregate — generating daily summary for today
2026-06-08 12:24:34,735 | INFO | ==================================================
2026-06-08 12:24:34,735 | INFO | Daily aggregation started for 2026-06-08
2026-06-08 12:24:34,735 | INFO | ==================================================
2026-06-08 12:24:35,509 | WARNING | No data available for Kamil (ETH Zurich HG) on 2026-06-08
2026-06-08 12:24:35,510 | INFO | Daily aggregation completed for 2026-06-08
2026-06-08 12:32:29,451 | INFO | Mode: pipeline — fetching and storing weather data
2026-06-08 12:32:29,451 | INFO | ==================================================
2026-06-08 12:32:29,451 | INFO | Pipeline run started
2026-06-08 12:32:29,451 | INFO | ==================================================
2026-06-08 12:32:29,619 | INFO | Processing 1 user(s)
2026-06-08 12:32:29,619 | INFO | Fetching weather data for Kamil (ETH Zurich HG) at lat=47.3763, lon=8.548
2026-06-08 12:32:29,791 | INFO | Fetched 24 records for Kamil
2026-06-08 12:32:29,804 | INFO | Incremental fetch: 22 new records after 2026-06-07 01:00:00+00:00 for Kamil
2026-06-08 12:32:29,805 | INFO | Validation passed: 22/22 records valid
2026-06-08 12:32:29,899 | INFO | Written 22 records to InfluxDB
2026-06-08 12:32:29,928 | INFO | sync_state updated for user 1: 2026-06-07 23:00:00+00:00
2026-06-08 12:32:29,929 | INFO | Pipeline completed successfully for Kamil
2026-06-08 12:32:29,929 | INFO | Pipeline run completed — 1 succeeded, 0 failed
2026-06-08 12:32:38,019 | INFO | Mode: aggregate — generating daily summary for today
2026-06-08 12:32:38,020 | INFO | ==================================================
2026-06-08 12:32:38,020 | INFO | Daily aggregation started for 2026-06-08
2026-06-08 12:32:38,020 | INFO | ==================================================
2026-06-08 12:32:38,189 | WARNING | No data available for Kamil (ETH Zurich HG) on 2026-06-08
2026-06-08 12:32:38,190 | INFO | Daily aggregation completed for 2026-06-08
